DEBUG    chromadb.config:config.py:363 Starting component System
DEBUG    chromadb.config:config.py:363 Starting component Posthog
DEBUG    faker.factory:factory.py:78 Looking for locale `en_US` in provider `faker.providers.address`.
DEBUG    faker.factory:factory.py:97 Provider `faker.providers.address` has been localized to `en_US`.
DEBUG    faker.factory:factory.py:78 Looking for locale `en_US` in provider `faker.providers.automotive`.
DEBUG    faker.factory:factory.py:97 Provider `faker.providers.automotive` has been localized to `en_US`.
DEBUG    faker.factory:factory.py:78 Looking for locale `en_US` in provider `faker.providers.bank`.
DEBUG    faker.factory:factory.py:88 Specified locale `en_US` is not available for provider `faker.providers.bank`. Locale reset to `en_GB` for this provider.
DEBUG    faker.factory:factory.py:78 Looking for locale `en_US` in provider `faker.providers.barcode`.
DEBUG    faker.factory:factory.py:97 Provider `faker.providers.barcode` has been localized to `en_US`.
DEBUG    faker.factory:factory.py:78 Looking for locale `en_US` in provider `faker.providers.color`.
DEBUG    faker.factory:factory.py:97 Provider `faker.providers.color` has been localized to `en_US`.
DEBUG    faker.factory:factory.py:78 Looking for locale `en_US` in provider `faker.providers.company`.
DEBUG    faker.factory:factory.py:97 Provider `faker.providers.company` has been localized to `en_US`.
DEBUG    faker.factory:factory.py:78 Looking for locale `en_US` in provider `faker.providers.credit_card`.
DEBUG    faker.factory:factory.py:97 Provider `faker.providers.credit_card` has been localized to `en_US`.
DEBUG    faker.factory:factory.py:78 Looking for locale `en_US` in provider `faker.providers.currency`.
DEBUG    faker.factory:factory.py:97 Provider `faker.providers.currency` has been localized to `en_US`.
DEBUG    faker.factory:factory.py:78 Looking for locale `en_US` in provider `faker.providers.date_time`.
DEBUG    faker.factory:factory.py:97 Provider `faker.providers.date_time` has been localized to `en_US`.
DEBUG    faker.factory:factory.py:108 Provider `faker.providers.doi` does not feature localization. Specified locale `en_US` is not used for this provider.
DEBUG    faker.factory:factory.py:108 Provider `faker.providers.emoji` does not feature localization. Specified locale `en_US` is not used for this provider.
DEBUG    faker.factory:factory.py:108 Provider `faker.providers.file` does not feature localization. Specified locale `en_US` is not used for this provider.
DEBUG    faker.factory:factory.py:78 Looking for locale `en_US` in provider `faker.providers.geo`.
DEBUG    faker.factory:factory.py:97 Provider `faker.providers.geo` has been localized to `en_US`.
DEBUG    faker.factory:factory.py:78 Looking for locale `en_US` in provider `faker.providers.internet`.
DEBUG    faker.factory:factory.py:97 Provider `faker.providers.internet` has been localized to `en_US`.
DEBUG    faker.factory:factory.py:78 Looking for locale `en_US` in provider `faker.providers.isbn`.
DEBUG    faker.factory:factory.py:97 Provider `faker.providers.isbn` has been localized to `en_US`.
DEBUG    faker.factory:factory.py:78 Looking for locale `en_US` in provider `faker.providers.job`.
DEBUG    faker.factory:factory.py:97 Provider `faker.providers.job` has been localized to `en_US`.
DEBUG    faker.factory:factory.py:78 Looking for locale `en_US` in provider `faker.providers.lorem`.
DEBUG    faker.factory:factory.py:97 Provider `faker.providers.lorem` has been localized to `en_US`.
DEBUG    faker.factory:factory.py:78 Looking for locale `en_US` in provider `faker.providers.misc`.
DEBUG    faker.factory:factory.py:97 Provider `faker.providers.misc` has been localized to `en_US`.
DEBUG    faker.factory:factory.py:78 Looking for locale `en_US` in provider `faker.providers.passport`.
DEBUG    faker.factory:factory.py:97 Provider `faker.providers.passport` has been localized to `en_US`.
DEBUG    faker.factory:factory.py:78 Looking for locale `en_US` in provider `faker.providers.person`.
DEBUG    faker.factory:factory.py:97 Provider `faker.providers.person` has been localized to `en_US`.
DEBUG    faker.factory:factory.py:78 Looking for locale `en_US` in provider `faker.providers.phone_number`.
DEBUG    faker.factory:factory.py:97 Provider `faker.providers.phone_number` has been localized to `en_US`.
DEBUG    faker.factory:factory.py:108 Provider `faker.providers.profile` does not feature localization. Specified locale `en_US` is not used for this provider.
DEBUG    faker.factory:factory.py:108 Provider `faker.providers.python` does not feature localization. Specified locale `en_US` is not used for this provider.
DEBUG    faker.factory:factory.py:108 Provider `faker.providers.sbn` does not feature localization. Specified locale `en_US` is not used for this provider.
DEBUG    faker.factory:factory.py:78 Looking for locale `en_US` in provider `faker.providers.ssn`.
DEBUG    faker.factory:factory.py:97 Provider `faker.providers.ssn` has been localized to `en_US`.
DEBUG    faker.factory:factory.py:108 Provider `faker.providers.user_agent` does not feature localization. Specified locale `en_US` is not used for this provider.
INFO     app.services.rag_service:rag_service.py:356 Extracted 1 citations from answer
INFO     app.services.rag_service:rag_service.py:356 Extracted 0 citations from answer
INFO     app.services.rag_service:rag_service.py:356 Extracted 1 citations from answer
INFO     app.services.rag_service:rag_service.py:356 Extracted 1 citations from answer
INFO     app.services.rag_service:rag_service.py:356 Extracted 1 citations from answer
INFO     app.services.rag_service:rag_service.py:297 Deduplicated chunks: 3 -> 2
INFO     app.services.rag_service:rag_service.py:297 Deduplicated chunks: 2 -> 1
DEBUG    asyncio:proactor_events.py:633 Using proactor: IocpProactor
DEBUG    asyncio:proactor_events.py:633 Using proactor: IocpProactor
DEBUG    asyncio:proactor_events.py:633 Using proactor: IocpProactor
INFO     app.services.rag_service:rag_service.py:436 Query for Biology: random question (keywords: ['random', 'question'])
INFO     app.services.rag_service:rag_service.py:440 Generated 1 queries for retrieval
DEBUG    app.services.rag_service:rag_service.py:455 Retrieved 0 results for query: random question
INFO     app.services.rag_service:rag_service.py:486 No results found for query in Biology
DEBUG    asyncio:proactor_events.py:633 Using proactor: IocpProactor
INFO     app.services.rag_service:rag_service.py:436 Query for Biology: test question (keywords: ['test', 'question'])
INFO     app.services.rag_service:rag_service.py:440 Generated 1 queries for retrieval
ERROR    app.services.rag_service:rag_service.py:470 Vector retrieval failed: Embedding failed
DEBUG    asyncio:proactor_events.py:633 Using proactor: IocpProactor
INFO     app.services.rag_service:rag_service.py:436 Query for Biology: What is photosynthesis? (keywords: ['photosynthesis'])
INFO     app.services.rag_service:rag_service.py:440 Generated 1 queries for retrieval
DEBUG    app.services.rag_service:rag_service.py:455 Retrieved 0 results for query: What is photosynthesis?
INFO     app.services.rag_service:rag_service.py:486 No results found for query in Biology
DEBUG    asyncio:proactor_events.py:633 Using proactor: IocpProactor
